// Jest Snapshot v1, https://goo.gl/fbAQLP

exports[`CreateNamedFilterGroup tests should render 1`] = `
.c1 {
  display: -webkit-box;
  display: -webkit-flex;
  display: -ms-flexbox;
  display: flex;
  -webkit-flex-direction: row;
  -ms-flex-direction: row;
  flex-direction: row;
  -webkit-box-pack: start;
  -webkit-justify-content: start;
  -ms-flex-pack: start;
  justify-content: start;
  -webkit-align-items: center;
  -webkit-box-align: center;
  -ms-flex-align: center;
  align-items: center;
}

.c3 {
  margin-left: -5px;
}

.c3 > * {
  display: -webkit-inline-box;
  display: -webkit-inline-flex;
  display: -ms-inline-flexbox;
  display: inline-flex;
}

.c3 > * {
  margin-left: 5px;
}

.c2 {
  display: -webkit-inline-box;
  display: -webkit-inline-flex;
  display: -ms-inline-flexbox;
  display: inline-flex;
}

.c9 {
  font-family: inherit;
  font-size: inherit;
  line-height: inherit;
  display: block;
  height: 22px;
  color: #393637;
  background-color: #fff;
  background-image: none;
  border: 1px solid #aaaaaa;
  border-radius: 2px;
  padding: 1px 8px;
  cursor: not-allowed;
  background-color: #eeeeee;
  opacity: 0.65;
}

.c9:-webkit-autofill {
  box-shadow: 0 0 0 1000px white inset;
}

.c8 {
  display: -webkit-box;
  display: -webkit-flex;
  display: -ms-flexbox;
  display: flex;
  -webkit-flex-direction: row;
  -ms-flex-direction: row;
  flex-direction: row;
  -webkit-box-pack: start;
  -webkit-justify-content: start;
  -ms-flex-pack: start;
  justify-content: start;
  -webkit-align-items: center;
  -webkit-box-align: center;
  -ms-flex-align: center;
  align-items: center;
}

.c4 {
  display: -webkit-inline-box;
  display: -webkit-inline-flex;
  display: -ms-inline-flexbox;
  display: inline-flex;
  -webkit-flex-direction: row;
  -ms-flex-direction: row;
  flex-direction: row;
  -webkit-align-items: center;
  -webkit-box-align: center;
  -ms-flex-align: center;
  align-items: center;
  font-weight: normal;
  cursor: pointer;
}

.c6 {
  font-family: inherit;
  font-size: inherit;
  padding: 0;
  margin: 0;
  margin-left: 10px;
  line-height: normal;
  width: auto;
  height: auto;
}

.c7 {
  opacity: 1;
}

.c5 {
  display: -webkit-box;
  display: -webkit-flex;
  display: -ms-flexbox;
  display: flex;
  -webkit-flex-direction: row;
  -ms-flex-direction: row;
  flex-direction: row;
  -webkit-box-pack: start;
  -webkit-justify-content: start;
  -ms-flex-pack: start;
  justify-content: start;
  -webkit-align-items: center;
  -webkit-box-align: center;
  -ms-flex-align: center;
  align-items: center;
}

.c0 {
  margin-top: 15px;
}

<div
  class="c0 c1"
>
  <div
    class="c2 c1"
  >
    <div
      class="c3 c1"
      margin="5px"
    >
      <label
        class="c4"
      >
        <div
          class="c2 c1"
        >
          <div
            class="c3 c1"
            margin="5px"
          >
            <input
              class="c5 c6"
              data-testid="createnamedfiltergroup-checkbox"
              name="saveNamedFilter"
              type="checkbox"
              value=""
            />
            <span
              class="c7"
              data-testid="checkbox-title"
            >
              Store filter as: 
            </span>
          </div>
        </div>
      </label>
      <input
        class="c8 c9"
        data-testid="createnamedfiltergroup-textfield"
        disabled=""
        maxlength="80"
        name="filterName"
        size="20"
        title="Filter Name"
        type="text"
        value=""
      />
    </div>
  </div>
</div>
`;
