// Jest Snapshot v1, https://goo.gl/fbAQLP

exports[`GlobalStyles tests should render global styles 1`] = `
<html>
  <head>
    <style
      data-styled=""
      data-styled-version="4.3.2"
    >
      
      
/* sc-component-id: sc-bdVaJa */

      
/* sc-component-id: sc-bwzfXH */

      
/* sc-component-id: sc-htpNat */

      
/* sc-component-id: sc-bxivhb */

      
/* sc-component-id: sc-ifAKCX */

      
/* sc-component-id: sc-EHOje */

      
/* sc-component-id: sc-bZQynM */

      
/* sc-component-id: sc-gzVnrw */

      
/* sc-component-id: sc-htoDjs */

      
/* sc-component-id: sc-dnqmqq */

      
/* sc-component-id: sc-iwsKbI */

      
/* sc-component-id: sc-gZMcBi */

      
/* sc-component-id: sc-gqjmRU */

      
/* sc-component-id: sc-VigVT */

      
/* sc-component-id: sc-jTzLTM */

      
/* sc-component-id: sc-fjdhpX */

      
/* sc-component-id: sc-jzJRlG */

      
/* sc-component-id: sc-cSHVUG */

      
/* sc-component-id: sc-kAzzGY */

      
/* sc-component-id: sc-chPdSV */

      
/* sc-component-id: sc-kgoBCf */

      
/* sc-component-id: sc-kGXeez */

      
/* sc-component-id: sc-kpOJdX */

      
/* sc-component-id: sc-dxgOiQ */

      
/* sc-component-id: sc-ckVGcZ */

      
/* sc-component-id: sc-jKJlTe */

      
/* sc-component-id: sc-eNQAEJ */

      
/* sc-component-id: sc-hMqMXs */

      
/* sc-component-id: sc-kEYyzF */

      
/* sc-component-id: sc-kkGfuU */

      
/* sc-component-id: sc-iAyFgw */

      
/* sc-component-id: sc-hSdWYo */

      
/* sc-component-id: sc-eHgmQL */

      
/* sc-component-id: sc-cvbbAY */

      
/* sc-component-id: sc-jWBwVP */

      
/* sc-component-id: sc-brqgnP */

      
/* sc-component-id: sc-cMljjf */

      
/* sc-component-id: sc-jAaTju */

      
/* sc-component-id: sc-jDwBTQ */

      
/* sc-component-id: sc-gPEVay */

    </style>
    <style
      data-styled=""
      data-styled-version="4.3.2"
    >
      
      
/* sc-component-id: sc-iRbamj */

      
/* sc-component-id: sc-jlyJG */

      
/* sc-component-id: sc-gipzik */

      
/* sc-component-id: sc-csuQGl */

      
/* sc-component-id: sc-Rmtcm */

      
/* sc-component-id: sc-bRBYWo */

      
/* sc-component-id: sc-hzDkRC */

      
/* sc-component-id: sc-jhAzac */

      
/* sc-component-id: sc-fBuWsC */

      
/* sc-component-id: sc-fMiknA */

      
/* sc-component-id: sc-dVhcbM */

      
/* sc-component-id: sc-eqIVtm */

      
/* sc-component-id: sc-fAjcbJ */

      
/* sc-component-id: sc-caSCKo */

      
/* sc-component-id: sc-gisBJw */

      
/* sc-component-id: sc-kjoXOD */

      
/* sc-component-id: sc-cHGsZl */

      
/* sc-component-id: sc-TOsTZ */

      
/* sc-component-id: sc-kgAjT */

      
/* sc-component-id: sc-cJSrbW */

      
/* sc-component-id: sc-ksYbfQ */

      
/* sc-component-id: sc-hmzhuo */

      
/* sc-component-id: sc-frDJqD */

      
/* sc-component-id: sc-kvZOFW */

      
/* sc-component-id: sc-hqyNC */

      
/* sc-component-id: sc-jbKcbu */

      
/* sc-component-id: sc-dNLxif */

      
/* sc-component-id: sc-jqCOkK */

      
/* sc-component-id: sc-uJMKN */

      
/* sc-component-id: sc-bbmXgH */

      
/* sc-component-id: sc-gGBfsJ */

      
/* sc-component-id: sc-jnlKLf */

      
/* sc-component-id: sc-fYxtnH */

      
/* sc-component-id: sc-tilXH */

      
/* sc-component-id: sc-hEsumM */

      
/* sc-component-id: sc-ktHwxA */

      
/* sc-component-id: sc-cIShpX */

      
/* sc-component-id: sc-kafWEX */

      
/* sc-component-id: sc-feJyhm */

      
/* sc-component-id: sc-iELTvK */

    </style>
    <style
      data-styled=""
      data-styled-version="4.3.2"
    >
      
      
/* sc-component-id: sc-cmTdod */

      
/* sc-component-id: sc-jwKygS */

      
/* sc-component-id: sc-btzYZH */

      
/* sc-component-id: sc-lhVmIH */

      
/* sc-component-id: sc-bYSBpT */

      
/* sc-component-id: sc-elJkPf */

      
/* sc-component-id: sc-jtRfpW */

      
/* sc-component-id: sc-kTUwUJ */

      
/* sc-component-id: sc-dqBHgY */

      
/* sc-component-id: sc-gxMtzJ */

      
/* sc-component-id: sc-dfVpRl */

      
/* sc-component-id: sc-gzOgki */

      
/* sc-component-id: sc-iyvyFf */

      
/* sc-component-id: sc-hwwEjo */

      
/* sc-component-id: sc-kPVwWT */

      
/* sc-component-id: sc-kfGgVZ */

      
/* sc-component-id: sc-esjQYD */

      
/* sc-component-id: sc-kIPQKe */

      
/* sc-component-id: sc-eXEjpC */

      
/* sc-component-id: sc-ibxdXY */

      
/* sc-component-id: sc-RefOD */

      
/* sc-component-id: sc-iQKALj */

      
/* sc-component-id: sc-bwCtUz */

      
/* sc-component-id: sc-hrWEMg */

      
/* sc-component-id: sc-eTuwsz */

      
/* sc-component-id: sc-gwVKww */

      
/* sc-component-id: sc-hXRMBi */

      
/* sc-component-id: sc-epnACN */

      
/* sc-component-id: sc-iQNlJl */

      
/* sc-component-id: sc-bsbRJL */

      
/* sc-component-id: sc-hZSUBg */

      
/* sc-component-id: sc-cMhqgX */

      
/* sc-component-id: sc-iuJeZd */

      
/* sc-component-id: sc-esOvli */

      
/* sc-component-id: sc-cmthru */

      
/* sc-component-id: sc-hMFtBS */

      
/* sc-component-id: sc-cLQEGU */

      
/* sc-component-id: sc-gqPbQI */

      
/* sc-component-id: sc-hORach */

      
/* sc-component-id: sc-bMVAic */

    </style>
    <style
      data-styled=""
      data-styled-version="4.3.2"
    >
      
      
/* sc-component-id: sc-bAeIUo */

      
/* sc-component-id: sc-iujRgT */

      
/* sc-component-id: sc-GMQeP */

      
/* sc-component-id: sc-exAgwC */

      
/* sc-component-id: sc-cQFLBn */

      
/* sc-component-id: sc-gojNiO */

      
/* sc-component-id: sc-daURTG */

      
/* sc-component-id: sc-bXGyLb */

      
/* sc-component-id: sc-lkqHmb */

      
/* sc-component-id: sc-eLExRp */

      
/* sc-component-id: sc-cbkKFq */

      
/* sc-component-id: sc-krvtoX */

      
/* sc-component-id: sc-fYiAbW */

      
/* sc-component-id: sc-fOKMvo */

      
/* sc-component-id: sc-dUjcNx */

      
/* sc-component-id: sc-gHboQg */

      
/* sc-component-id: sc-eilVRo */

      
/* sc-component-id: sc-eerKOB */

      
/* sc-component-id: sc-emmjRN */

      
/* sc-component-id: sc-cpmLhU */

      
/* sc-component-id: sc-dymIpo */

      
/* sc-component-id: sc-bnXvFD */

      
/* sc-component-id: sc-gFaPwZ */

      
/* sc-component-id: sc-fhYwyz */

      
/* sc-component-id: sc-jzgbtB */

      
/* sc-component-id: sc-gJWqzi */

      
/* sc-component-id: sc-rBLzX */

      
/* sc-component-id: sc-bMvGRv */

      
/* sc-component-id: sc-CtfFt */

      
/* sc-component-id: sc-laTMn */

      
/* sc-component-id: sc-hGoxap */

      
/* sc-component-id: sc-fjmCvl */

      
/* sc-component-id: sc-TFwJa */

      
/* sc-component-id: sc-bHwgHz */

      
/* sc-component-id: sc-krDsej */

      
/* sc-component-id: sc-dTdPqK */

      
/* sc-component-id: sc-itybZL */

      
/* sc-component-id: sc-eMigcr */

      
/* sc-component-id: sc-fzsDOv */

      
/* sc-component-id: sc-gPWkxV */

    </style>
    <style
      data-styled=""
      data-styled-version="4.3.2"
    >
      
      
/* sc-component-id: sc-jVODtj */

      
/* sc-component-id: sc-kUaPvJ */

      
/* sc-component-id: sc-giadOv */

      
/* sc-component-id: sc-fONwsr */

      
/* sc-component-id: sc-VJcYb */

      
/* sc-component-id: sc-ipXKqB */

      
/* sc-component-id: sc-hmXxxW */

      
/* sc-component-id: sc-cqCuEk */

      
/* sc-component-id: sc-dliRfk */

      
/* sc-component-id: sc-kLIISr */

      
/* sc-component-id: sc-qrIAp */

      
/* sc-component-id: sc-iqzUVk */

      
/* sc-component-id: sc-ipZHIp */

      
/* sc-component-id: sc-iGrrsa */

      
/* sc-component-id: sc-bmyXtO */

      
/* sc-component-id: sc-dEoRIm */

      
/* sc-component-id: sc-jtggT */

      
/* sc-component-id: sc-ebFjAB */

      
/* sc-component-id: sc-jKVCRD */

      
/* sc-component-id: sc-kaNhvL */

      
/* sc-component-id: sc-LKuAh */

      
/* sc-component-id: sc-iBEsjs */

      
/* sc-component-id: sc-hzNEM */

      
/* sc-component-id: sc-chbbiW */

      
/* sc-component-id: sc-kxynE */

      
/* sc-component-id: sc-cooIXK */

      
/* sc-component-id: sc-fcdeBU */

      
/* sc-component-id: sc-gmeYpB */

      
/* sc-component-id: sc-kZmsYB */

      
/* sc-component-id: sc-RcBXQ */

      
/* sc-component-id: sc-iSDuPN */

      
/* sc-component-id: sc-fZwumE */

      
/* sc-component-id: sc-fQejPQ */

      
/* sc-component-id: sc-clNaTc */

      
/* sc-component-id: sc-etwtAo */

      
/* sc-component-id: sc-jXQZqI */

      
/* sc-component-id: sc-iGPElx */

      
/* sc-component-id: sc-kasBVs */

      
/* sc-component-id: sc-hgHYgh */

      
/* sc-component-id: sc-eInJlc */

    </style>
    <style
      data-styled=""
      data-styled-version="4.3.2"
    >
      
      
/* sc-component-id: sc-gtfDJT */

      
/* sc-component-id: sc-fOICqy */

      
/* sc-component-id: sc-hzDEsm */

      
/* sc-component-id: sc-jeCdPy */

      
/* sc-component-id: sc-jtRlXQ */

      
/* sc-component-id: sc-bGbJRg */

      
/* sc-component-id: sc-bEjcJn */

      
/* sc-component-id: sc-ePZHVD */

      
/* sc-component-id: sc-likbZx */

      
/* sc-component-id: sc-eKZiaR */

      
/* sc-component-id: sc-drMfKT */

      
/* sc-component-id: sc-fgfRvd */

      
/* sc-component-id: sc-hIVACf */

      
/* sc-component-id: sc-gpHHfC */

      
/* sc-component-id: sc-gVyKpa */

      
/* sc-component-id: sc-eXNvrr */

      
/* sc-component-id: sc-cpmKsF */

      
/* sc-component-id: sc-kQsIoO */

      
/* sc-component-id: sc-gPzReC */

      
/* sc-component-id: sc-jrIrqw */

      
/* sc-component-id: sc-hjRWVT */

      
/* sc-component-id: sc-iybRtq */

      
/* sc-component-id: sc-iQtOjA */

      
/* sc-component-id: sc-fHxwqH */

      
/* sc-component-id: sc-cEvuZC */

      
/* sc-component-id: sc-kXeGPI */

      
/* sc-component-id: sc-fyjhYU */

      
/* sc-component-id: sc-ugnQR */

      
/* sc-component-id: sc-eIHaNI */

      
/* sc-component-id: sc-eTpRJs */

      
/* sc-component-id: sc-dxZgTM */

      
/* sc-component-id: sc-iomxrj */

      
/* sc-component-id: sc-dvCyap */

      
/* sc-component-id: sc-iFMziU */

      
/* sc-component-id: sc-keVrkP */

      
/* sc-component-id: sc-gVLVqr */

      
/* sc-component-id: sc-cBdUnI */

      
/* sc-component-id: sc-exkUMo */

      
/* sc-component-id: sc-kcDeIU */

      
/* sc-component-id: sc-BngTV */

    </style>
    <style
      data-styled=""
      data-styled-version="4.3.2"
    >
      
      
/* sc-component-id: sc-bFADNz */

      
/* sc-component-id: sc-cqpYsc */

      
/* sc-component-id: sc-hBbWxd */

      
/* sc-component-id: sc-dyGzUR */

      
/* sc-component-id: sc-drKuOJ */

      
/* sc-component-id: sc-gRnDUn */

      
/* sc-component-id: sc-cmjSyW */

      
/* sc-component-id: sc-sdtwF */

      
/* sc-component-id: sc-iYUSvU */

      
/* sc-component-id: sc-global-2342249302 */
html{box-sizing:border-box;} *,*:before,*:after{box-sizing:inherit;} body{margin:0;font-family:Verdana,sans-serif;font-size:12px;color:#000;} a:link{color:#0000ff;-webkit-text-decoration:none;text-decoration:none;} a:hover,a:focus{color:blue;-webkit-text-decoration:underline;text-decoration:underline;} pre{white-space:pre-wrap;word-wrap:break-word;} img{border:0;} svg{overflow:hidden;} h1{font-size:20px;} h2{font-size:18px;} h3{font-size:16px;} h4{font-size:14px;margin-bottom:0;} p{margin:0 0 10px;}
    </style>
    <style
      data-glamor=""
      type="text/css"
    >
      
      .css-abnswa,[data-css-abnswa]{fill:#393637;}
      .css-1iqcaae,[data-css-1iqcaae]{shape-rendering:crispEdges;stroke:#787878;stroke-width:0.99;}
      .css-1enxnar line,[data-css-1enxnar] line{stroke:#787878;shape-rendering:crispEdges;stroke-width:0.99;}
    </style>
  </head>
  <body>
    <div
      id="portals"
    />
    <div />
  </body>
</html>
`;
