// Jest Snapshot v1, https://goo.gl/fbAQLP

exports[`Task Details tests should render full task details 1`] = `
.c0 {
  display: -webkit-box;
  display: -webkit-flex;
  display: -ms-flexbox;
  display: flex;
  -webkit-flex-direction: column;
  -ms-flex-direction: column;
  flex-direction: column;
  -webkit-box-flex: 1;
  -webkit-flex-grow: 1;
  -ms-flex-positive: 1;
  flex-grow: 1;
  -webkit-box-pack: center;
  -webkit-justify-content: center;
  -ms-flex-pack: center;
  justify-content: center;
  -webkit-align-items: stretch;
  -webkit-box-align: stretch;
  -ms-flex-align: stretch;
  align-items: stretch;
}

.c1 {
  display: -webkit-box;
  display: -webkit-flex;
  display: -ms-flexbox;
  display: flex;
  -webkit-flex-direction: column;
  -ms-flex-direction: column;
  flex-direction: column;
  -webkit-box-pack: center;
  -webkit-justify-content: center;
  -ms-flex-pack: center;
  justify-content: center;
  -webkit-align-items: stretch;
  -webkit-box-align: stretch;
  -ms-flex-align: stretch;
  align-items: stretch;
}

.c2 {
  display: -webkit-inline-box;
  display: -webkit-inline-flex;
  display: -ms-inline-flexbox;
  display: inline-flex;
}

.c4 {
  display: -webkit-box;
  display: -webkit-flex;
  display: -ms-flexbox;
  display: flex;
  -webkit-flex-direction: row;
  -ms-flex-direction: row;
  flex-direction: row;
  -webkit-box-pack: start;
  -webkit-justify-content: start;
  -ms-flex-pack: start;
  justify-content: start;
  -webkit-align-items: center;
  -webkit-box-align: center;
  -ms-flex-align: center;
  align-items: center;
  margin-left: -5px;
}

.c4 > * {
  display: -webkit-inline-box;
  display: -webkit-inline-flex;
  display: -ms-inline-flexbox;
  display: inline-flex;
}

.c4 > * {
  margin-left: 5px;
}

.c3 {
  display: -webkit-box;
  display: -webkit-flex;
  display: -ms-flexbox;
  display: flex;
  -webkit-flex-direction: row;
  -ms-flex-direction: row;
  flex-direction: row;
  -webkit-box-pack: start;
  -webkit-justify-content: start;
  -ms-flex-pack: start;
  justify-content: start;
  -webkit-align-items: center;
  -webkit-box-align: center;
  -ms-flex-align: center;
  align-items: center;
  display: -webkit-inline-box;
  display: -webkit-inline-flex;
  display: -ms-inline-flexbox;
  display: inline-flex;
}

.c6 {
  border: 0;
  border-spacing: 0px;
  font-size: 12px;
  text-align: left;
  table-layout: auto;
  width: 100%;
}

.c5 > *:not(:last-child)::after {
  content: '•';
  margin-left: 5px;
}

.c7 td {
  padding: 4px 4px 4px 0;
}

.c7 tr td:first-child {
  padding-right: 5px;
}

.c8 {
  width: 10%;
}

.c9 {
  width: 90%;
}

@media print {
  .c6 {
    border-collapse: collapse;
  }
}

<div
  class="c0"
>
  <div
    class="c1"
  >
    <h2>
      Target
    </h2>
    <div>
      <a
        class="c2"
        data-testid="details-link"
        href="/target/5678"
      >
        target1
      </a>
    </div>
  </div>
  <div
    class="c1"
  >
    <h2>
      Alerts
    </h2>
    <div>
      <div
        class="c3"
      >
        <div
          class="c4 c5"
          margin="5px"
        >
          <span>
            <a
              class="c2"
              data-testid="details-link"
              href="/alert/91011"
            >
              alert1
            </a>
          </span>
        </div>
      </div>
    </div>
  </div>
  <div
    class="c1"
  >
    <h2>
      Scanner
    </h2>
    <div>
      <table
        class="c6 c7"
      >
        <colgroup>
          <col
            class="c8"
            width="10%"
          />
          <col
            class="c9"
            width="90%"
          />
        </colgroup>
        <tbody
          class=""
        >
          <tr>
            <td>
              <div
                class="c1"
              >
                Name
              </div>
            </td>
            <td>
              <div
                class="c1"
              >
                <span>
                  <a
                    class="c2"
                    data-testid="details-link"
                    href="/scanner/1516"
                  >
                    scanner1
                  </a>
                </span>
              </div>
            </td>
          </tr>
          <tr>
            <td>
              <div
                class="c1"
              >
                Type
              </div>
            </td>
            <td>
              <div
                class="c1"
              >
                OpenVAS Scanner
              </div>
            </td>
          </tr>
        </tbody>
      </table>
    </div>
  </div>
  <div
    class="c1"
  >
    <h2>
      Assets
    </h2>
    <div>
      <table
        class="c6 c7"
      >
        <colgroup>
          <col
            class="c8"
            width="10%"
          />
          <col
            class="c9"
            width="90%"
          />
        </colgroup>
        <tbody
          class=""
        >
          <tr>
            <td>
              <div
                class="c1"
              >
                Add to Assets
              </div>
            </td>
            <td>
              <div
                class="c1"
              >
                Yes
              </div>
            </td>
          </tr>
          <tr>
            <td>
              <div
                class="c1"
              >
                Apply Overrides
              </div>
            </td>
            <td>
              <div
                class="c1"
              >
                Yes
              </div>
            </td>
          </tr>
          <tr>
            <td>
              <div
                class="c1"
              >
                Min QoD
              </div>
            </td>
            <td>
              <div
                class="c1"
              >
                70 %
              </div>
            </td>
          </tr>
        </tbody>
      </table>
    </div>
  </div>
  <div
    class="c1"
  >
    <h2>
      Scan
    </h2>
    <div>
      <table
        class="c6 c7"
      >
        <colgroup>
          <col
            class="c8"
            width="10%"
          />
          <col
            class="c9"
            width="90%"
          />
        </colgroup>
        <tbody
          class=""
        >
          <tr>
            <td>
              <div
                class="c1"
              >
                Duration of last Scan
              </div>
            </td>
            <td>
              <div
                class="c1"
              >
                2 minutes
              </div>
            </td>
          </tr>
          <tr>
            <td>
              <div
                class="c1"
              >
                Auto delete Reports
              </div>
            </td>
            <td>
              <div
                class="c1"
              >
                Do not automatically delete reports
              </div>
            </td>
          </tr>
        </tbody>
      </table>
    </div>
  </div>
</div>
`;
