// Jest Snapshot v1, https://goo.gl/fbAQLP

exports[`Task Row tests should render 1`] = `
.c0 {
  display: -webkit-box;
  display: -webkit-flex;
  display: -ms-flexbox;
  display: flex;
  -webkit-flex-direction: column;
  -ms-flex-direction: column;
  flex-direction: column;
  -webkit-box-pack: center;
  -ms-flex-pack: center;
  -webkit-justify-content: center;
  justify-content: center;
  -webkit-align-items: stretch;
  -webkit-box-align: stretch;
  -ms-flex-align: stretch;
  align-items: stretch;
}

.c1 {
  display: -webkit-box;
  display: -webkit-flex;
  display: -ms-flexbox;
  display: flex;
  -webkit-flex-direction: row;
  -ms-flex-direction: row;
  flex-direction: row;
  -webkit-box-pack: justify;
  -webkit-justify-content: space-between;
  justify-content: space-between;
}

.c3 {
  display: -webkit-box;
  display: -webkit-flex;
  display: -ms-flexbox;
  display: flex;
  -webkit-flex-direction: row;
  -ms-flex-direction: row;
  flex-direction: row;
  -webkit-box-pack: start;
  -ms-flex-pack: start;
  -webkit-justify-content: start;
  justify-content: start;
  -webkit-align-items: center;
  -webkit-box-align: center;
  -ms-flex-align: center;
  align-items: center;
}

.c13 {
  display: -webkit-box;
  display: -webkit-flex;
  display: -ms-flexbox;
  display: flex;
  -webkit-flex-direction: column;
  -ms-flex-direction: column;
  flex-direction: column;
  -webkit-box-pack: center;
  -ms-flex-pack: center;
  -webkit-justify-content: center;
  justify-content: center;
}

.c15 {
  display: -webkit-box;
  display: -webkit-flex;
  display: -ms-flexbox;
  display: flex;
  -webkit-flex-direction: column;
  -ms-flex-direction: column;
  flex-direction: column;
  -webkit-box-flex: 1;
  -webkit-flex-grow: 1;
  -ms-flex-positive: 1;
  flex-grow: 1;
  -webkit-box-pack: center;
  -ms-flex-pack: center;
  -webkit-justify-content: center;
  justify-content: center;
  -webkit-align-items: stretch;
  -webkit-box-align: stretch;
  -ms-flex-align: stretch;
  align-items: stretch;
}

.c16 {
  display: -webkit-box;
  display: -webkit-flex;
  display: -ms-flexbox;
  display: flex;
  -webkit-flex-direction: row;
  -ms-flex-direction: row;
  flex-direction: row;
  -webkit-box-flex: 1;
  -webkit-flex-grow: 1;
  -ms-flex-positive: 1;
  flex-grow: 1;
  -webkit-box-pack: start;
  -ms-flex-pack: start;
  -webkit-justify-content: start;
  justify-content: start;
  -webkit-align-items: center;
  -webkit-box-align: center;
  -ms-flex-align: center;
  align-items: center;
}

.c17 {
  display: -webkit-box;
  display: -webkit-flex;
  display: -ms-flexbox;
  display: flex;
  -webkit-flex-direction: row;
  -ms-flex-direction: row;
  flex-direction: row;
  -webkit-box-flex: 1;
  -webkit-flex-grow: 1;
  -ms-flex-positive: 1;
  flex-grow: 1;
  -webkit-box-pack: center;
  -ms-flex-pack: center;
  -webkit-justify-content: center;
  justify-content: center;
  -webkit-align-items: center;
  -webkit-box-align: center;
  -ms-flex-align: center;
  align-items: center;
}

.c6 {
  display: -webkit-inline-box;
  display: -webkit-inline-flex;
  display: -ms-inline-flexbox;
  display: inline-flex;
}

.c5 {
  margin-left: -5px;
}

.c5>* {
  display: -webkit-inline-box;
  display: -webkit-inline-flex;
  display: -ms-inline-flexbox;
  display: inline-flex;
}

.c5>* {
  margin-left: 5px;
}

.c4 {
  display: -webkit-inline-box;
  display: -webkit-inline-flex;
  display: -ms-inline-flexbox;
  display: inline-flex;
}

.c18 {
  cursor: pointer;
}

.c19 svg path {
  fill: #bfbfbf;
}

.c14 {
  height: 16px;
  width: 16px;
  line-height: 16px;
}

.c14 * {
  height: inherit;
  width: inherit;
}

.c2 {
  cursor: pointer;
  -webkit-text-decoration: none;
  text-decoration: none;
  color: #0a53b8;
}

.c2 :hover {
  -webkit-text-decoration: underline;
  text-decoration: underline;
  color: #0a53b8;
}

.c8 {
  height: 13px;
  box-sizing: content-box;
  display: inline-block;
  width: 100px;
  background: #4C4C4C;
  vertical-align: middle;
  text-align: center;
}

.c10 {
  z-index: 1;
  font-weight: bold;
  color: #fff;
  font-size: 9px;
  margin: 0;
  position: relative;
  top: -13px;
  padding-top: 1px;
}

.c9 {
  height: 13px;
  width: 100%;
  background: #4f91c7;
}

.c12 {
  height: 13px;
  width: 50%;
  background: #f0a519;
}

.c11 {
  white-space: nowrap;
}

.c7:hover {
  -webkit-text-decoration: none;
  text-decoration: none;
}

@media print {
  .c18 {
    display: none;
  }
}

@media print {
  .c2 {
    color: #000;
  }
}

@media print {
  .c8 {
    background: none;
    border: 0;
  }
}

@media print {
  .c10 {
    color: black;
  }
}

@media print {
  .c9 {
    background: none;
  }
}

@media print {
  .c12 {
    background: none;
  }
}

<body>
  <div
    id="portals"
  />
  <div>
    <tr>
      <td>
        <div
          class="c0"
        >
          <div
            class="c1"
          >
            <span
              class="c2"
              name="314"
            >
              foo
            </span>
            <div
              class="c3 c4"
            >
              <div
                class="c3 c5"
              />
            </div>
          </div>
          <div
            class="comment"
          >
            (
            bar
            )
          </div>
        </div>
      </td>
      <td>
        <div
          class="c0"
        >
          <a
            class="c6 c7"
            data-testid="details-link"
            href="/report/1234"
          >
            <div
              class="c8"
              data-testid="progressbar-box"
              title="Done"
            >
              <div
                background="low"
                class="c9"
                data-testid="progress"
              />
              <div
                class="c10"
              >
                <span
                  class="c11"
                >
                  Done
                </span>
              </div>
            </div>
          </a>
        </div>
      </td>
      <td>
        <div
          class="c0"
        >
          <div
            class="c3"
          >
            <a
              class="c6"
              href="/reports?filter=task_id%3D314%20sort-reverse%3Ddate"
              title="View list of all reports for Task foo, including unfinished ones"
            >
              3
            </a>
          </div>
        </div>
      </td>
      <td>
        <div
          class="c0"
        >
          <span>
            <a
              class="c6"
              data-testid="details-link"
              href="/report/1234"
            >
              Wed, Jul 10, 2019 2:51 PM CEST
            </a>
          </span>
        </div>
      </td>
      <td>
        <div
          class="c0"
        >
          <div
            class="c8"
            data-testid="progressbar-box"
            title="Medium"
          >
            <div
              background="warn"
              class="c12"
              data-testid="progress"
            />
            <div
              class="c10"
            >
              5.0 (Medium)
            </div>
          </div>
        </div>
      </td>
      <td>
        <div
          class="c13"
        >
          <span
            alt="Severity increased"
            class="c14"
            data-testid="svg-icon"
            title="Severity increased"
          >
            <svg
              title="Severity increased"
            >
              trend_up.svg
            </svg>
          </span>
        </div>
      </td>
      <td>
        <div
          class="c15"
        >
          <div
            class="c16 c4"
          >
            <div
              class="c17 c5"
            >
              <span
                class="c18 c14"
                data-testid="svg-icon"
                title="Start"
              >
                <svg
                  title="Start"
                >
                  start.svg
                </svg>
              </span>
              <span
                alt="Resume"
                class="c19 c14"
                data-testid="svg-icon"
                title="Task is not stopped"
              >
                <svg
                  title="Task is not stopped"
                >
                  resume.svg
                </svg>
              </span>
              <span
                class="c18 c14"
                data-testid="svg-icon"
                title="Move Task to trashcan"
              >
                <svg
                  title="Move Task to trashcan"
                >
                  trashcan.svg
                </svg>
              </span>
              <span
                class="c18 c14"
                data-testid="svg-icon"
                title="Edit Task"
              >
                <svg
                  title="Edit Task"
                >
                  edit.svg
                </svg>
              </span>
              <span
                class="c18 c14"
                data-testid="svg-icon"
                title="Clone Task"
              >
                <svg
                  title="Clone Task"
                >
                  clone.svg
                </svg>
              </span>
              <span
                class="c18 c14"
                data-testid="svg-icon"
                title="Export Task"
              >
                <svg
                  title="Export Task"
                >
                  export.svg
                </svg>
              </span>
            </div>
          </div>
        </div>
      </td>
    </tr>
  </div>
</body>
`;
