// Jest Snapshot v1, https://goo.gl/fbAQLP

exports[`Alert listpage tests should allow to bulk action on page contents 1`] = `
.c0 {
  display: -webkit-box;
  display: -webkit-flex;
  display: -ms-flexbox;
  display: flex;
  -webkit-flex-direction: row;
  -ms-flex-direction: row;
  flex-direction: row;
  -webkit-box-pack: start;
  -webkit-justify-content: start;
  -ms-flex-pack: start;
  justify-content: start;
  -webkit-align-items: center;
  -webkit-box-align: center;
  -ms-flex-align: center;
  align-items: center;
}

.c1 {
  display: -webkit-box;
  display: -webkit-flex;
  display: -ms-flexbox;
  display: flex;
  -webkit-flex-direction: column;
  -ms-flex-direction: column;
  flex-direction: column;
  -webkit-box-flex: 1;
  -webkit-flex-grow: 1;
  -ms-flex-positive: 1;
  flex-grow: 1;
  -webkit-box-pack: center;
  -webkit-justify-content: center;
  -ms-flex-pack: center;
  justify-content: center;
  -webkit-align-items: stretch;
  -webkit-box-align: stretch;
  -ms-flex-align: stretch;
  align-items: stretch;
}

.c2 {
  display: -webkit-box;
  display: -webkit-flex;
  display: -ms-flexbox;
  display: flex;
  -webkit-flex-direction: row;
  -ms-flex-direction: row;
  flex-direction: row;
  -webkit-box-pack: justify;
  -webkit-justify-content: space-between;
  -ms-flex-pack: justify;
  justify-content: space-between;
  -webkit-align-items: flex-start;
  -webkit-box-align: flex-start;
  -ms-flex-align: flex-start;
  align-items: flex-start;
}

.c7 {
  display: -webkit-box;
  display: -webkit-flex;
  display: -ms-flexbox;
  display: flex;
  -webkit-flex-direction: row;
  -ms-flex-direction: row;
  flex-direction: row;
  -webkit-box-flex: 1;
  -webkit-flex-grow: 1;
  -ms-flex-positive: 1;
  flex-grow: 1;
  -webkit-box-pack: end;
  -webkit-justify-content: flex-end;
  -ms-flex-pack: end;
  justify-content: flex-end;
}

.c8 {
  display: -webkit-box;
  display: -webkit-flex;
  display: -ms-flexbox;
  display: flex;
  -webkit-flex-direction: column;
  -ms-flex-direction: column;
  flex-direction: column;
  -webkit-box-pack: start;
  -webkit-justify-content: flex-start;
  -ms-flex-pack: start;
  justify-content: flex-start;
  -webkit-align-items: stetch;
  -webkit-box-align: stetch;
  -ms-flex-align: stetch;
  align-items: stetch;
}

.c9 {
  display: -webkit-box;
  display: -webkit-flex;
  display: -ms-flexbox;
  display: flex;
  -webkit-flex-direction: row;
  -ms-flex-direction: row;
  flex-direction: row;
  -webkit-box-pack: justify;
  -webkit-justify-content: space-between;
  -ms-flex-pack: justify;
  justify-content: space-between;
  -webkit-align-items: center;
  -webkit-box-align: center;
  -ms-flex-align: center;
  align-items: center;
}

.c12 {
  display: -webkit-box;
  display: -webkit-flex;
  display: -ms-flexbox;
  display: flex;
  -webkit-flex-direction: row;
  -ms-flex-direction: row;
  flex-direction: row;
  -webkit-box-pack: start;
  -webkit-justify-content: flex-start;
  -ms-flex-pack: start;
  justify-content: flex-start;
  -webkit-align-items: center;
  -webkit-box-align: center;
  -ms-flex-align: center;
  align-items: center;
}

.c21 {
  display: -webkit-box;
  display: -webkit-flex;
  display: -ms-flexbox;
  display: flex;
  -webkit-flex-direction: row;
  -ms-flex-direction: row;
  flex-direction: row;
  -webkit-box-pack: center;
  -webkit-justify-content: center;
  -ms-flex-pack: center;
  justify-content: center;
  -webkit-align-items: center;
  -webkit-box-align: center;
  -ms-flex-align: center;
  align-items: center;
}

.c31 {
  display: -webkit-box;
  display: -webkit-flex;
  display: -ms-flexbox;
  display: flex;
  -webkit-flex-direction: row;
  -ms-flex-direction: row;
  flex-direction: row;
  -webkit-box-flex: 1;
  -webkit-flex-grow: 1;
  -ms-flex-positive: 1;
  flex-grow: 1;
  -webkit-box-pack: justify;
  -webkit-justify-content: space-between;
  -ms-flex-pack: justify;
  justify-content: space-between;
}

.c44 {
  display: -webkit-box;
  display: -webkit-flex;
  display: -ms-flexbox;
  display: flex;
  -webkit-flex-direction: row;
  -ms-flex-direction: row;
  flex-direction: row;
  -webkit-box-pack: center;
  -webkit-justify-content: center;
  -ms-flex-pack: center;
  justify-content: center;
}

.c45 {
  display: -webkit-box;
  display: -webkit-flex;
  display: -ms-flexbox;
  display: flex;
  -webkit-flex-direction: column;
  -ms-flex-direction: column;
  flex-direction: column;
  -webkit-box-pack: center;
  -webkit-justify-content: center;
  -ms-flex-pack: center;
  justify-content: center;
  -webkit-align-items: stretch;
  -webkit-box-align: stretch;
  -ms-flex-align: stretch;
  align-items: stretch;
}

.c46 {
  display: -webkit-box;
  display: -webkit-flex;
  display: -ms-flexbox;
  display: flex;
  -webkit-flex-direction: row;
  -ms-flex-direction: row;
  flex-direction: row;
  -webkit-box-pack: justify;
  -webkit-justify-content: space-between;
  -ms-flex-pack: justify;
  justify-content: space-between;
}

.c51 {
  display: -webkit-box;
  display: -webkit-flex;
  display: -ms-flexbox;
  display: flex;
  -webkit-flex-direction: row;
  -ms-flex-direction: row;
  flex-direction: row;
  -webkit-box-pack: end;
  -webkit-justify-content: flex-end;
  -ms-flex-pack: end;
  justify-content: flex-end;
  -webkit-align-items: center;
  -webkit-box-align: center;
  -ms-flex-align: center;
  align-items: center;
}

.c48 {
  display: -webkit-inline-box;
  display: -webkit-inline-flex;
  display: -ms-inline-flexbox;
  display: inline-flex;
}

.c4 {
  display: -webkit-box;
  display: -webkit-flex;
  display: -ms-flexbox;
  display: flex;
  -webkit-flex-direction: row;
  -ms-flex-direction: row;
  flex-direction: row;
  -webkit-box-pack: start;
  -webkit-justify-content: start;
  -ms-flex-pack: start;
  justify-content: start;
  -webkit-align-items: center;
  -webkit-box-align: center;
  -ms-flex-align: center;
  align-items: center;
  margin-left: -5px;
}

.c4 > * {
  display: -webkit-inline-box;
  display: -webkit-inline-flex;
  display: -ms-inline-flexbox;
  display: inline-flex;
}

.c4 > * {
  margin-left: 5px;
}

.c10 {
  display: -webkit-box;
  display: -webkit-flex;
  display: -ms-flexbox;
  display: flex;
  -webkit-flex-direction: row;
  -ms-flex-direction: row;
  flex-direction: row;
  -webkit-box-pack: start;
  -webkit-justify-content: flex-start;
  -ms-flex-pack: start;
  justify-content: flex-start;
  -webkit-align-items: center;
  -webkit-box-align: center;
  -ms-flex-align: center;
  align-items: center;
  margin-left: -5px;
}

.c10 > * {
  display: -webkit-inline-box;
  display: -webkit-inline-flex;
  display: -ms-inline-flexbox;
  display: inline-flex;
}

.c10 > * {
  margin-left: 5px;
}

.c50 {
  display: -webkit-box;
  display: -webkit-flex;
  display: -ms-flexbox;
  display: flex;
  -webkit-flex-direction: row;
  -ms-flex-direction: row;
  flex-direction: row;
  -webkit-box-flex: 1;
  -webkit-flex-grow: 1;
  -ms-flex-positive: 1;
  flex-grow: 1;
  -webkit-box-pack: center;
  -webkit-justify-content: center;
  -ms-flex-pack: center;
  justify-content: center;
  -webkit-align-items: center;
  -webkit-box-align: center;
  -ms-flex-align: center;
  align-items: center;
  margin-left: -5px;
}

.c50 > * {
  display: -webkit-inline-box;
  display: -webkit-inline-flex;
  display: -ms-inline-flexbox;
  display: inline-flex;
}

.c50 > * {
  margin-left: 5px;
}

.c3 {
  display: -webkit-box;
  display: -webkit-flex;
  display: -ms-flexbox;
  display: flex;
  -webkit-flex-direction: row;
  -ms-flex-direction: row;
  flex-direction: row;
  -webkit-box-pack: start;
  -webkit-justify-content: start;
  -ms-flex-pack: start;
  justify-content: start;
  -webkit-align-items: center;
  -webkit-box-align: center;
  -ms-flex-align: center;
  align-items: center;
  display: -webkit-inline-box;
  display: -webkit-inline-flex;
  display: -ms-inline-flexbox;
  display: inline-flex;
}

.c49 {
  display: -webkit-box;
  display: -webkit-flex;
  display: -ms-flexbox;
  display: flex;
  -webkit-flex-direction: row;
  -ms-flex-direction: row;
  flex-direction: row;
  -webkit-box-flex: 1;
  -webkit-flex-grow: 1;
  -ms-flex-positive: 1;
  flex-grow: 1;
  -webkit-box-pack: start;
  -webkit-justify-content: start;
  -ms-flex-pack: start;
  justify-content: start;
  -webkit-align-items: center;
  -webkit-box-align: center;
  -ms-flex-align: center;
  align-items: center;
  display: -webkit-inline-box;
  display: -webkit-inline-flex;
  display: -ms-inline-flexbox;
  display: inline-flex;
}

.c6 {
  cursor: pointer;
}

.c34 svg path {
  fill: #aaaaaa;
}

.c5 {
  height: 16px;
  width: 16px;
  line-height: 16px;
}

.c5 * {
  height: inherit;
  width: inherit;
}

.c28 {
  height: 50px;
  width: 50px;
  line-height: 50px;
}

.c28 * {
  height: inherit;
  width: inherit;
}

.c24 {
  display: -webkit-box;
  display: -webkit-flex;
  display: -ms-flexbox;
  display: flex;
  -webkit-flex-direction: row;
  -ms-flex-direction: row;
  flex-direction: row;
  -webkit-box-pack: justify;
  -webkit-justify-content: space-between;
  -ms-flex-pack: justify;
  justify-content: space-between;
  -webkit-align-items: flex-end;
  -webkit-box-align: flex-end;
  -ms-flex-align: flex-end;
  align-items: flex-end;
  margin: 10px 0px;
  padding-bottom: 1px;
  border-bottom: 2px solid #c8d3d9;
  position: relative;
}

.c25 {
  margin: 0 0 1px 0;
}

.c26 {
  display: -webkit-box;
  display: -webkit-flex;
  display: -ms-flexbox;
  display: flex;
  -webkit-flex-direction: row;
  -ms-flex-direction: row;
  flex-direction: row;
  -webkit-box-pack: start;
  -webkit-justify-content: flex-start;
  -ms-flex-pack: start;
  justify-content: flex-start;
  -webkit-align-items: stretch;
  -webkit-box-align: stretch;
  -ms-flex-align: stretch;
  align-items: stretch;
}

.c27 {
  display: -webkit-box;
  display: -webkit-flex;
  display: -ms-flexbox;
  display: flex;
  -webkit-flex-direction: row;
  -ms-flex-direction: row;
  flex-direction: row;
  -webkit-box-pack: start;
  -webkit-justify-content: flex-start;
  -ms-flex-pack: start;
  justify-content: flex-start;
  -webkit-align-items: flex-end;
  -webkit-box-align: flex-end;
  -ms-flex-align: flex-end;
  align-items: flex-end;
  margin-right: 5px;
}

.c29 {
  display: -webkit-box;
  display: -webkit-flex;
  display: -ms-flexbox;
  display: flex;
  -webkit-flex-direction: row;
  -ms-flex-direction: row;
  flex-direction: row;
  -webkit-box-pack: start;
  -webkit-justify-content: flex-start;
  -ms-flex-pack: start;
  justify-content: flex-start;
  -webkit-align-items: flex-end;
  -webkit-box-align: flex-end;
  -ms-flex-align: flex-end;
  align-items: flex-end;
  word-break: break-all;
  min-width: 100px;
}

.c22 {
  background-color: transparent;
  border: none;
  cursor: pointer;
  display: -webkit-box;
  display: -webkit-flex;
  display: -ms-flexbox;
  display: flex;
  -webkit-align-items: center;
  -webkit-box-align: center;
  -ms-flex-align: center;
  align-items: center;
  -webkit-box-pack: center;
  -webkit-justify-content: center;
  -ms-flex-pack: center;
  justify-content: center;
  outline: none;
  margin: 1px;
  -webkit-user-select: none;
  -moz-user-select: none;
  -ms-user-select: none;
  user-select: none;
  cursor: pointer;
}

.c23 {
  height: 16px;
  width: 16px;
  line-height: 16px;
}

.c23 * {
  height: inherit;
  width: inherit;
}

.c19 {
  border: 1px solid #aaaaaa;
  border-radius: 2px;
  display: -webkit-box;
  display: -webkit-flex;
  display: -ms-flexbox;
  display: flex;
  -webkit-flex-direction: row;
  -ms-flex-direction: row;
  flex-direction: row;
  -webkit-align-items: stretch;
  -webkit-box-align: stretch;
  -ms-flex-align: stretch;
  align-items: stretch;
  -webkit-box-flex: 1;
  -webkit-flex-grow: 1;
  -ms-flex-positive: 1;
  flex-grow: 1;
  padding: 1px 5px;
  background-color: #fff;
  color: #000;
  font-weight: normal;
}

.c18 {
  display: -webkit-box;
  display: -webkit-flex;
  display: -ms-flexbox;
  display: flex;
  -webkit-flex-direction: column;
  -ms-flex-direction: column;
  flex-direction: column;
  position: relative;
  width: 150px;
}

.c52 {
  display: -webkit-box;
  display: -webkit-flex;
  display: -ms-flexbox;
  display: flex;
  -webkit-flex-direction: column;
  -ms-flex-direction: column;
  flex-direction: column;
  position: relative;
  width: 180px;
}

.c16 {
  color: #a94442;
  font-weight: bold;
  font-size: 19px;
  padding-bottom: 1px;
  padding-left: 4px;
  display: none;
}

.c20 {
  display: -webkit-box;
  display: -webkit-flex;
  display: -ms-flexbox;
  display: flex;
  -webkit-align-items: center;
  -webkit-box-align: center;
  -ms-flex-align: center;
  align-items: center;
  -webkit-box-flex: 1;
  -webkit-flex-grow: 1;
  -ms-flex-positive: 1;
  flex-grow: 1;
  word-break: keep-all;
  white-space: nowrap;
  overflow: hidden;
  cursor: pointer;
  cursor: default;
}

.c17 {
  display: -webkit-box;
  display: -webkit-flex;
  display: -ms-flexbox;
  display: flex;
}

.c37 a {
  -webkit-text-decoration: none;
  text-decoration: none;
  color: #000;
}

.c37 a:hover {
  -webkit-text-decoration: underline;
  text-decoration: underline;
  color: #000;
}

.c39 {
  cursor: pointer;
}

.c38 {
  background-color: #fff;
  color: #000;
  border-top: 1px solid #c8d3d9;
  font-weight: bold;
  width: 25%;
}

.c40 {
  background-color: #fff;
  color: #000;
  border-top: 1px solid #c8d3d9;
  font-weight: bold;
  width: 21%;
}

.c41 {
  background-color: #fff;
  color: #000;
  border-top: 1px solid #c8d3d9;
  font-weight: bold;
  width: 10%;
}

.c42 {
  background-color: #fff;
  color: #000;
  border-top: 1px solid #c8d3d9;
  font-weight: bold;
  width: 5%;
}

.c43 {
  background-color: #fff;
  color: #000;
  border-top: 1px solid #c8d3d9;
  font-weight: bold;
  width: 8%;
}

.c14 {
  font-family: inherit;
  font-size: inherit;
  line-height: inherit;
  display: block;
  height: 22px;
  color: #393637;
  background-color: #fff;
  background-image: none;
  border: 1px solid #aaaaaa;
  border-radius: 2px;
  padding: 1px 8px;
}

.c14:-webkit-autofill {
  box-shadow: 0 0 0 1000px white inset;
}

.c15 {
  display: -webkit-box;
  display: -webkit-flex;
  display: -ms-flexbox;
  display: flex;
  -webkit-flex-direction: row;
  -ms-flex-direction: row;
  flex-direction: row;
  -webkit-box-pack: start;
  -webkit-justify-content: start;
  -ms-flex-pack: start;
  justify-content: start;
  -webkit-align-items: center;
  -webkit-box-align: center;
  -ms-flex-align: center;
  align-items: center;
}

.c13 {
  margin-right: 5px;
}

.c11 {
  margin-right: 5px;
}

.c53 {
  display: -webkit-box;
  display: -webkit-flex;
  display: -ms-flexbox;
  display: flex;
  -webkit-flex-direction: row;
  -ms-flex-direction: row;
  flex-direction: row;
  -webkit-box-pack: start;
  -webkit-justify-content: start;
  -ms-flex-pack: start;
  justify-content: start;
  -webkit-align-items: center;
  -webkit-box-align: center;
  -ms-flex-align: center;
  align-items: center;
  font-size: 10px;
  color: #787878;
  text-align: left;
}

.c35 {
  margin: 0 3px;
}

.c33 {
  display: -webkit-box;
  display: -webkit-flex;
  display: -ms-flexbox;
  display: flex;
  -webkit-flex-direction: row;
  -ms-flex-direction: row;
  flex-direction: row;
  -webkit-box-pack: end;
  -webkit-justify-content: flex-end;
  -ms-flex-pack: end;
  justify-content: flex-end;
  -webkit-align-items: center;
  -webkit-box-align: center;
  -ms-flex-align: center;
  align-items: center;
  margin: 2px 3px;
}

.c36 {
  border: 0;
  border-spacing: 0px;
  font-size: 12px;
  text-align: left;
  table-layout: auto;
  width: 100%;
  opacity: 1.0;
}

.c36 th,
.c36 td {
  padding: 4px 10px;
  border-bottom: 1px solid #c8d3d9;
}

.c36 tfoot tr {
  background: #fff;
}

.c36 tfoot tr td {
  border-bottom: 1px solid #c8d3d9;
}

.c32 {
  margin-top: 2px;
  margin-left: 2px;
}

.c30 {
  display: -webkit-box;
  display: -webkit-flex;
  display: -ms-flexbox;
  display: flex;
  -webkit-flex-direction: column;
  -ms-flex-direction: column;
  flex-direction: column;
  -webkit-box-flex: 1;
  -webkit-flex-grow: 1;
  -ms-flex-positive: 1;
  flex-grow: 1;
  -webkit-box-pack: center;
  -webkit-justify-content: center;
  -ms-flex-pack: center;
  justify-content: center;
  -webkit-align-items: stretch;
  -webkit-box-align: stretch;
  -ms-flex-align: stretch;
  align-items: stretch;
  margin-top: 20px;
}

.c47 {
  cursor: pointer;
  -webkit-text-decoration: none;
  text-decoration: none;
  color: #0000ff;
}

.c47:hover {
  -webkit-text-decoration: underline;
  text-decoration: underline;
  color: #0000ff;
}

@media print {
  .c6 {
    display: none;
  }
}

@media print {
  .c37 {
    border-bottom: 1px solid black;
  }

  .c37 a,
  .c37 a:hover {
    -webkit-text-decoration: none;
    text-decoration: none;
    color: #000;
  }
}

@media print {
  .c38 {
    color: #000;
    font-size: 1.2em;
    background-color: none;
    font-weight: bold;
  }
}

@media print {
  .c40 {
    color: #000;
    font-size: 1.2em;
    background-color: none;
    font-weight: bold;
  }
}

@media print {
  .c41 {
    color: #000;
    font-size: 1.2em;
    background-color: none;
    font-weight: bold;
  }
}

@media print {
  .c42 {
    color: #000;
    font-size: 1.2em;
    background-color: none;
    font-weight: bold;
  }
}

@media print {
  .c43 {
    color: #000;
    font-size: 1.2em;
    background-color: none;
    font-weight: bold;
  }
}

@media print {
  .c33 svg {
    display: none;
  }
}

@media print {
  .c36 {
    border-collapse: collapse;
  }
}

@media screen {
  .c36 > tbody:nth-of-type(even),
  .c36 > tbody:only-of-type > tr:nth-of-type(even) {
    background: #eeeeee;
  }

  .c36 > tbody:not(:only-of-type):hover,
  .c36 > tbody:only-of-type > tr:hover {
    background: #c8d3d9;
  }
}

@media print {
  .c47 {
    color: #000;
  }
}

<div
  class="c0"
>
  <div
    class="c1"
  >
    <div
      class="c2 toolbar"
    >
      <div
        class="c3"
      >
        <div
          class="c4"
          margin="5px"
        >
          <a
            href="test/en/scanning.html#managing-alerts"
            rel="noopener noreferrer"
            target="_blank"
          >
            <span
              class="c5"
              data-testid="svg-icon"
              title="Help: Alerts"
            >
              <svg
                title="Help: Alerts"
              >
                help.svg
              </svg>
            </span>
          </a>
          <span
            class="c6 c5"
            data-testid="svg-icon"
            title="New Alert"
          >
            <svg
              title="New Alert"
            >
              new.svg
            </svg>
          </span>
        </div>
      </div>
      <div
        class="c7"
      >
        <div
          class="c8 powerfilter"
        >
          <div
            class="c9"
          >
            <div
              class="c3"
            >
              <div
                class="c10 c11"
                margin="5px"
              >
                <div
                  class="c12"
                >
                  <label
                    class="c13"
                  >
                    <b>
                      Filter
                    </b>
                  </label>
                  <input
                    class="c14 c15"
                    maxlength="1000"
                    name="userFilterString"
                    size="53"
                    type="text"
                    value=""
                  />
                  <div
                    class="c16"
                    data-testid="error-marker"
                  >
                    ×
                  </div>
                </div>
                <div
                  class="c3"
                >
                  <div
                    class="c10"
                    margin="5px"
                  >
                    <span
                      class="c6 c5"
                      data-testid="svg-icon"
                      title="Update Filter"
                    >
                      <svg
                        title="Update Filter"
                      >
                        refresh.svg
                      </svg>
                    </span>
                    <span
                      class="c6 c5"
                      data-testid="svg-icon"
                      title="Remove Filter"
                    >
                      <svg
                        title="Remove Filter"
                      >
                        delete.svg
                      </svg>
                    </span>
                    <span
                      class="c6 c5"
                      data-testid="svg-icon"
                      title="Reset to Default Filter"
                    >
                      <svg
                        title="Reset to Default Filter"
                      >
                        reset.svg
                      </svg>
                    </span>
                    <a
                      href="test/en/web-interface.html#filtering-the-page-content"
                      rel="noopener noreferrer"
                      target="_blank"
                    >
                      <span
                        class="c5"
                        data-testid="svg-icon"
                        title="Help: Powerfilter"
                      >
                        <svg
                          title="Help: Powerfilter"
                        >
                          help.svg
                        </svg>
                      </span>
                    </a>
                    <span
                      class="c6 c5"
                      data-testid="svg-icon"
                      title="Edit Filter"
                    >
                      <svg
                        title="Edit Filter"
                      >
                        edit.svg
                      </svg>
                    </span>
                  </div>
                </div>
              </div>
            </div>
            <div
              aria-expanded="false"
              aria-haspopup="listbox"
              aria-labelledby="downshift-0-label"
              class="c17"
              role="combobox"
            >
              <div
                class="c18"
                width="150px"
              >
                <div
                  aria-haspopup="true"
                  aria-label="open menu"
                  class="c19"
                  data-toggle="true"
                  role="button"
                  title="Loaded filter"
                  type="button"
                >
                  <div
                    class="c20"
                    data-testid="select-selected-value"
                    title="Loaded filter"
                  >
                    --
                  </div>
                  <div
                    class="c21"
                  >
                    <span
                      class="c22 c23"
                      data-testid="select-open-button"
                    >
                      ▼
                    </span>
                  </div>
                </div>
              </div>
              <div
                class="c16"
                data-testid="error-marker"
              >
                ×
              </div>
            </div>
          </div>
        </div>
      </div>
    </div>
    <section
      class="entities-section"
      data-testid="entities-section"
    >
      <div
        class="c24 section-header"
      >
        <h2
          class="c25 c26"
        >
          <div
            class="c27"
          >
            <span
              class="c28"
              data-testid="svg-icon"
            >
              <svg>
                alert.svg
              </svg>
            </span>
          </div>
          <div
            class="c29"
          >
            Alerts 2 of 2
          </div>
        </h2>
        <div
          class="c9"
        />
      </div>
      <div
        class="c1"
      >
        <div
          class="c30 entities-table"
          data-testid="entities-table"
        >
          <div
            class="c31"
          >
            <span
              class="c6 c5 c32"
              data-testid="svg-icon"
              title="Unfold all details"
            >
              <svg
                title="Unfold all details"
              >
                fold.svg
              </svg>
            </span>
            <div
              class="c33"
            >
              <div
                class="c3"
              >
                <div
                  class="c4"
                  margin="5px"
                >
                  <span
                    class="c34 c5"
                    data-testid="svg-icon"
                    title="First"
                  >
                    <svg
                      title="First"
                    >
                      first.svg
                    </svg>
                  </span>
                  <span
                    class="c34 c5"
                    data-testid="svg-icon"
                    title="Previous"
                  >
                    <svg
                      title="Previous"
                    >
                      previous.svg
                    </svg>
                  </span>
                </div>
              </div>
              <span
                class="c35"
              >
                1 - 2 of 2
              </span>
              <div
                class="c3"
              >
                <div
                  class="c4"
                  margin="5px"
                >
                  <span
                    class="c34 c5"
                    data-testid="svg-icon"
                    title="Next"
                  >
                    <svg
                      title="Next"
                    >
                      next.svg
                    </svg>
                  </span>
                  <span
                    class="c34 c5"
                    data-testid="svg-icon"
                    title="Last"
                  >
                    <svg
                      title="Last"
                    >
                      last.svg
                    </svg>
                  </span>
                </div>
              </div>
            </div>
          </div>
          <table
            class="c36"
          >
            <thead
              class="c37"
            >
              <tr>
                <th
                  class="c38"
                >
                  <a
                    class="c39"
                  >
                    <div
                      class="c0"
                    >
                      Name
                    </div>
                  </a>
                </th>
                <th
                  class="c40"
                >
                  <a
                    class="c39"
                  >
                    <div
                      class="c0"
                    >
                      Event
                    </div>
                  </a>
                </th>
                <th
                  class="c40"
                >
                  <a
                    class="c39"
                  >
                    <div
                      class="c0"
                    >
                      Condition
                    </div>
                  </a>
                </th>
                <th
                  class="c41"
                >
                  <a
                    class="c39"
                  >
                    <div
                      class="c0"
                    >
                      Method
                    </div>
                  </a>
                </th>
                <th
                  class="c41"
                >
                  <a
                    class="c39"
                  >
                    <div
                      class="c0"
                    >
                      Filter
                    </div>
                  </a>
                </th>
                <th
                  class="c42"
                >
                  <a
                    class="c39"
                  >
                    <div
                      class="c0"
                    >
                      Active
                    </div>
                  </a>
                </th>
                <th
                  class="c43"
                >
                  <div
                    class="c44"
                  >
                    Actions
                  </div>
                </th>
              </tr>
            </thead>
            <tbody
              class=""
            >
              <tr>
                <td>
                  <div
                    class="c45"
                  >
                    <div
                      class="c46"
                    >
                      <div
                        class="c45"
                      >
                        <span>
                          <span
                            class="c47"
                            name="1"
                          >
                            alert 1
                          </span>
                        </span>
                      </div>
                    </div>
                    <div
                      class="comment"
                    >
                      (
                      bar
                      )
                    </div>
                  </div>
                </td>
                <td>
                  <div
                    class="c45"
                  >
                    Task run status changed to Done
                  </div>
                </td>
                <td>
                  <div
                    class="c45"
                  >
                    Always
                  </div>
                </td>
                <td>
                  <div
                    class="c45"
                  >
                    Alemba vFire
                  </div>
                </td>
                <td>
                  <div
                    class="c45"
                  >
                    <a
                      class="c48"
                      data-testid="details-link"
                      href="/filter/75c8145d-b00c-408f-8907-6664d5ce6108"
                    >
                      resultFilter
                    </a>
                  </div>
                </td>
                <td>
                  <div
                    class="c45"
                  >
                    Yes
                  </div>
                </td>
                <td
                  data-testid="entities-table"
                >
                  <div
                    class="c1"
                  >
                    <div
                      class="c49"
                    >
                      <div
                        class="c50"
                        margin="5px"
                      >
                        <span
                          class="c6 c5"
                          data-testid="svg-icon"
                          title="Move Alert to trashcan"
                        >
                          <svg
                            title="Move Alert to trashcan"
                          >
                            trashcan.svg
                          </svg>
                        </span>
                        <span
                          class="c6 c5"
                          data-testid="svg-icon"
                          title="Edit Alert"
                        >
                          <svg
                            title="Edit Alert"
                          >
                            edit.svg
                          </svg>
                        </span>
                        <span
                          class="c6 c5"
                          data-testid="svg-icon"
                          title="Clone Alert"
                        >
                          <svg
                            title="Clone Alert"
                          >
                            clone.svg
                          </svg>
                        </span>
                        <span
                          class="c6 c5"
                          data-testid="svg-icon"
                          title="Export Alert"
                        >
                          <svg
                            title="Export Alert"
                          >
                            export.svg
                          </svg>
                        </span>
                        <span
                          class="c6 c5"
                          data-testid="svg-icon"
                          title="Test Alert"
                        >
                          <svg
                            title="Test Alert"
                          >
                            start.svg
                          </svg>
                        </span>
                      </div>
                    </div>
                  </div>
                </td>
              </tr>
              <tr>
                <td>
                  <div
                    class="c45"
                  >
                    <div
                      class="c46"
                    >
                      <div
                        class="c45"
                      >
                        <span>
                          <span
                            class="c47"
                            name="2"
                          >
                            alert 2
                          </span>
                        </span>
                      </div>
                    </div>
                    <div
                      class="comment"
                    >
                      (
                      lorem
                      )
                    </div>
                  </div>
                </td>
                <td>
                  <div
                    class="c45"
                  >
                    Updated NVT arrived
                  </div>
                </td>
                <td>
                  <div
                    class="c45"
                  >
                    Filter matches at least 3 NVTs
                  </div>
                </td>
                <td>
                  <div
                    class="c45"
                  >
                    Email to foo@bar.com
                  </div>
                </td>
                <td>
                  <div
                    class="c45"
                  />
                </td>
                <td>
                  <div
                    class="c45"
                  >
                    Yes
                  </div>
                </td>
                <td
                  data-testid="entities-table"
                >
                  <div
                    class="c1"
                  >
                    <div
                      class="c49"
                    >
                      <div
                        class="c50"
                        margin="5px"
                      >
                        <span
                          class="c34 c5"
                          data-testid="svg-icon"
                          title="Alert is still in use"
                        >
                          <svg
                            title="Alert is still in use"
                          >
                            trashcan.svg
                          </svg>
                        </span>
                        <span
                          class="c34 c5"
                          data-testid="svg-icon"
                          title="Alert is not writable"
                        >
                          <svg
                            title="Alert is not writable"
                          >
                            edit.svg
                          </svg>
                        </span>
                        <span
                          class="c6 c5"
                          data-testid="svg-icon"
                          title="Clone Alert"
                        >
                          <svg
                            title="Clone Alert"
                          >
                            clone.svg
                          </svg>
                        </span>
                        <span
                          class="c6 c5"
                          data-testid="svg-icon"
                          title="Export Alert"
                        >
                          <svg
                            title="Export Alert"
                          >
                            export.svg
                          </svg>
                        </span>
                        <span
                          class="c6 c5"
                          data-testid="svg-icon"
                          title="Test Alert"
                        >
                          <svg
                            title="Test Alert"
                          >
                            start.svg
                          </svg>
                        </span>
                      </div>
                    </div>
                  </div>
                </td>
              </tr>
            </tbody>
            <tfoot
              data-testid="entities-footer"
            >
              <tr>
                <td
                  colspan="7"
                >
                  <div
                    class="c51"
                  >
                    <div
                      class="c3"
                    >
                      <div
                        class="c4"
                        margin="5px"
                      >
                        <div
                          aria-expanded="false"
                          aria-haspopup="listbox"
                          aria-labelledby="downshift-1-label"
                          class="c17"
                          role="combobox"
                        >
                          <div
                            class="c52"
                            width="180px"
                          >
                            <div
                              aria-haspopup="true"
                              aria-label="open menu"
                              class="c19"
                              data-toggle="true"
                              role="button"
                              type="button"
                            >
                              <div
                                class="c20"
                                data-testid="select-selected-value"
                                title="Apply to page contents"
                              >
                                Apply to page contents
                              </div>
                              <div
                                class="c21"
                              >
                                <span
                                  class="c22 c23"
                                  data-testid="select-open-button"
                                >
                                  ▼
                                </span>
                              </div>
                            </div>
                          </div>
                          <div
                            class="c16"
                            data-testid="error-marker"
                          >
                            ×
                          </div>
                        </div>
                        <div
                          class="c3"
                        >
                          <div
                            class="c4"
                            margin="5px"
                          >
                            <span
                              class="c6 c5"
                              data-testid="svg-icon"
                              title="Add tag to page contents"
                            >
                              <svg
                                title="Add tag to page contents"
                              >
                                tags.svg
                              </svg>
                            </span>
                            <span
                              class="c6 c5"
                              data-testid="svg-icon"
                              title="Move page contents to trashcan"
                            >
                              <svg
                                title="Move page contents to trashcan"
                              >
                                trashcan.svg
                              </svg>
                            </span>
                            <span
                              class="c6 c5"
                              data-testid="svg-icon"
                              title="Export page contents"
                            >
                              <svg
                                title="Export page contents"
                              >
                                export.svg
                              </svg>
                            </span>
                          </div>
                        </div>
                      </div>
                    </div>
                  </div>
                </td>
              </tr>
            </tfoot>
          </table>
          <div
            class="c46"
          >
            <div
              class="c53"
            >
              (Applied filter: )
            </div>
            <div
              class="c33"
            >
              <div
                class="c3"
              >
                <div
                  class="c4"
                  margin="5px"
                >
                  <span
                    class="c34 c5"
                    data-testid="svg-icon"
                    title="First"
                  >
                    <svg
                      title="First"
                    >
                      first.svg
                    </svg>
                  </span>
                  <span
                    class="c34 c5"
                    data-testid="svg-icon"
                    title="Previous"
                  >
                    <svg
                      title="Previous"
                    >
                      previous.svg
                    </svg>
                  </span>
                </div>
              </div>
              <span
                class="c35"
              >
                1 - 2 of 2
              </span>
              <div
                class="c3"
              >
                <div
                  class="c4"
                  margin="5px"
                >
                  <span
                    class="c34 c5"
                    data-testid="svg-icon"
                    title="Next"
                  >
                    <svg
                      title="Next"
                    >
                      next.svg
                    </svg>
                  </span>
                  <span
                    class="c34 c5"
                    data-testid="svg-icon"
                    title="Last"
                  >
                    <svg
                      title="Last"
                    >
                      last.svg
                    </svg>
                  </span>
                </div>
              </div>
            </div>
          </div>
        </div>
      </div>
    </section>
  </div>
  <a
    aria-hidden="true"
    style="display: none;"
  >
    Download
  </a>
</div>
`;
