// Vitest Snapshot v1, https://vitest.dev/guide/snapshot.html

exports[`ErrorMessage tests > should render 1`] = `
.c0 {
  display: -webkit-box;
  display: -webkit-flex;
  display: -ms-flexbox;
  display: flex;
  -webkit-flex-direction: row;
  -ms-flex-direction: row;
  flex-direction: row;
  -webkit-box-pack: start;
  -ms-flex-pack: start;
  -webkit-justify-content: start;
  justify-content: start;
  -webkit-align-items: center;
  -webkit-box-align: center;
  -ms-flex-align: center;
  align-items: center;
}

.c3 {
  display: -webkit-box;
  display: -webkit-flex;
  display: -ms-flexbox;
  display: flex;
  -webkit-flex-direction: row;
  -ms-flex-direction: row;
  flex-direction: row;
  -webkit-box-pack: start;
  -ms-flex-pack: start;
  -webkit-justify-content: flex-start;
  justify-content: flex-start;
  -webkit-align-items: flex-start;
  -webkit-box-align: flex-start;
  -ms-flex-align: flex-start;
  align-items: flex-start;
}

.c4 {
  margin-left: -15px;
}

.c4>* {
  display: -webkit-inline-box;
  display: -webkit-inline-flex;
  display: -ms-inline-flexbox;
  display: inline-flex;
}

.c4>* {
  margin-left: 15px;
}

.c6 {
  margin-left: -5px;
}

.c6>* {
  display: -webkit-inline-box;
  display: -webkit-inline-flex;
  display: -ms-inline-flexbox;
  display: inline-flex;
}

.c6>* {
  margin-left: 5px;
}

.c2 {
  display: -webkit-inline-box;
  display: -webkit-inline-flex;
  display: -ms-inline-flexbox;
  display: inline-flex;
}

.c5 {
  width: 24px;
  height: 24px;
  line-height: 24px;
}

.c5 * {
  height: inherit;
  width: inherit;
}

.c1 {
  padding: 15px;
  margin: 15px 15px 15px 15px;
  border: 1px solid #f4b1b2;
  color: #c12c30;
  background-color: #fbddde;
}

<div
  class="c0 c1"
>
  <div
    class="c0 c2"
  >
    <div
      class="c3 c4"
    >
      <span
        class="c5"
        data-testid="svg-icon"
      >
        <svg
          height="1em"
          viewBox="0 0 67.733 67.733"
          width="1em"
          xmlns="http://www.w3.org/2000/svg"
        >
          <g
            transform="translate(0 -229.27)"
          >
            <g
              transform="matrix(2.0878 0 0 2.2337 41.673 -337.41)"
            >
              <path
                class="gui_icon_class"
                d="m128 0.0078125c-70.26 0-128.01 57.023-128.01 127.98 0 70.961 57.75 128 128.01 128s127.99-57.041 127.99-128c0-70.961-57.734-127.98-127.99-127.98zm0 18.615c61.514 0 110.6 49.228 110.6 109.37 0 27.143-9.9997 52.064-26.625 71.242l-155.07-155.07c19.165-15.921 43.917-25.539 71.102-25.539zm-83.98 38.148 155.07 155.07c-19.164 15.919-43.913 25.535-71.092 25.535-61.514 0-110.59-49.244-110.59-109.38 0-27.136 9.995-52.048 26.613-71.221z"
                transform="matrix(.12673 0 0 .11845 -19.96 253.7)"
              />
            </g>
          </g>
        </svg>
      </span>
      <div
        class="c0"
      >
        <div
          class="c0 c2"
        >
          <div
            class="c0 c6"
          >
            <b
              data-testid="error-message"
            >
              An error occurred.
            </b>
            <span
              data-testid="error-details"
            >
              Because of foo.
            </span>
          </div>
        </div>
      </div>
    </div>
  </div>
</div>
`;
